[0m09:24:48.391658 [debug] [MainThread]: Sending event: {'category': 'dbt', 'action': 'invocation', 'label': 'start', 'context': [<snowplow_tracker.self_describing_json.SelfDescribingJson object at 0x76c02edf1fa0>, <snowplow_tracker.self_describing_json.SelfDescribingJson object at 0x76c02fb47020>, <snowplow_tracker.self_describing_json.SelfDescribingJson object at 0x76c0313e0770>]}


============================== 09:24:48.436066 | 1a64c219-6570-43c3-afc1-c0260eac760f ==============================
[0m09:24:48.436066 [info ] [MainThread]: Running with dbt=1.12.3
[0m09:24:48.436876 [debug] [MainThread]: running dbt with arguments {'log_cache_events': 'False', 'empty': 'None', 'log_format': 'default', 'quiet': 'False', 'indirect_selection': 'eager', 'send_anonymous_usage_stats': 'True', 'maximum_seed_size_mib': '1', 'printer_width': '80', 'fail_fast': 'False', 'cache_selected_only': 'False', 'warn_error_options': 'WarnErrorOptionsV2(error=[], warn=[], silence=[])', 'write_json': 'True', 'target_path': 'None', 'use_experimental_parser': 'False', 'hints_enabled': 'True', 'warn_error': 'None', 'invocation_command': 'dbt init zomato', 'static_parser': 'True', 'no_print': 'None', 'log_path': 'logs', 'introspect': 'True', 'partial_parse': 'True', 'profiles_dir': '/home/codespace/.dbt', 'debug': 'False', 'version_check': 'True', 'use_colors': 'True'}
[0m09:24:48.448310 [debug] [MainThread]: Starter project path: /workspaces/data_engineering/zomato-ai-data-engineering-end-to-end-project/ven-zomato/lib/python3.12/site-packages/dbt/include/starter_project
[0m09:24:48.451332 [info ] [MainThread]: Setting up your profile.
[0m09:37:27.495738 [info ] [MainThread]: Profile zomato written to /home/codespace/.dbt/profiles.yml using target's profile_template.yml and your supplied values.
[0m09:37:27.497440 [info ] [MainThread]: Running dbt debug to validate the project...
[0m09:37:27.498305 [info ] [MainThread]: dbt version: 1.12.3
[0m09:37:27.498931 [info ] [MainThread]: python version: 3.12.1
[0m09:37:27.500003 [info ] [MainThread]: python path: /workspaces/data_engineering/zomato-ai-data-engineering-end-to-end-project/ven-zomato/bin/python3
[0m09:37:27.500897 [info ] [MainThread]: os info: Linux-6.8.0-1052-azure-x86_64-with-glibc2.39
[0m09:37:27.548198 [info ] [MainThread]: Using profiles dir at /home/codespace/.dbt
[0m09:37:27.548902 [info ] [MainThread]: Using profiles.yml file at /home/codespace/.dbt/profiles.yml
[0m09:37:27.549454 [info ] [MainThread]: Using dbt_project.yml file at /workspaces/data_engineering/zomato-ai-data-engineering-end-to-end-project/zomato/dbt_project.yml
[0m09:37:27.550122 [info ] [MainThread]: adapter type: snowflake
[0m09:37:27.550601 [info ] [MainThread]: adapter version: 1.9.0
[0m09:37:27.668892 [info ] [MainThread]: Configuration:
[0m09:37:27.669640 [info ] [MainThread]:   profiles.yml file [[32mOK found and valid[0m]
[0m09:37:27.670201 [info ] [MainThread]:   dbt_project.yml file [[32mOK found and valid[0m]
[0m09:37:27.670725 [info ] [MainThread]: Required dependencies:
[0m09:37:27.671257 [debug] [MainThread]: Executing "git --help"
[0m09:37:27.674518 [debug] [MainThread]: STDOUT: "b"usage: git [-v | --version] [-h | --help] [-C <path>] [-c <name>=<value>]\n           [--exec-path[=<path>]] [--html-path] [--man-path] [--info-path]\n           [-p | --paginate | -P | --no-pager] [--no-replace-objects] [--no-lazy-fetch]\n           [--no-optional-locks] [--no-advice] [--bare] [--git-dir=<path>]\n           [--work-tree=<path>] [--namespace=<name>] [--config-env=<name>=<envvar>]\n           <command> [<args>]\n\nThese are common Git commands used in various situations:\n\nstart a working area (see also: git help tutorial)\n   clone      Clone a repository into a new directory\n   init       Create an empty Git repository or reinitialize an existing one\n\nwork on the current change (see also: git help everyday)\n   add        Add file contents to the index\n   mv         Move or rename a file, a directory, or a symlink\n   restore    Restore working tree files\n   rm         Remove files from the working tree and from the index\n\nexamine the history and state (see also: git help revisions)\n   bisect     Use binary search to find the commit that introduced a bug\n   diff       Show changes between commits, commit and working tree, etc\n   grep       Print lines matching a pattern\n   log        Show commit logs\n   show       Show various types of objects\n   status     Show the working tree status\n\ngrow, mark and tweak your common history\n   backfill   Download missing objects in a partial clone\n   branch     List, create, or delete branches\n   commit     Record changes to the repository\n   merge      Join two or more development histories together\n   rebase     Reapply commits on top of another base tip\n   reset      Set `HEAD` or the index to a known state\n   switch     Switch branches\n   tag        Create, list, delete or verify tags\n\ncollaborate (see also: git help workflows)\n   fetch      Download objects and refs from another repository\n   pull       Fetch from and integrate with another repository or a local branch\n   push       Update remote refs along with associated objects\n\n'git help -a' and 'git help -g' list available subcommands and some\nconcept guides. See 'git help <command>' or 'git help <concept>'\nto read about a specific subcommand or concept.\nSee 'git help git' for an overview of the system.\n""
[0m09:37:27.675184 [debug] [MainThread]: STDERR: "b''"
[0m09:37:27.675659 [info ] [MainThread]:  - git [[32mOK found[0m]

[0m09:37:27.676431 [info ] [MainThread]: Connection:
[0m09:37:27.677145 [info ] [MainThread]:   account: DFCLEKB-VK25898
[0m09:37:27.678045 [info ] [MainThread]:   user: SERIGNE
[0m09:37:27.678792 [info ] [MainThread]:   database: ZOMATO
[0m09:37:27.679444 [info ] [MainThread]:   warehouse: ZOMATO_WH
[0m09:37:27.679969 [info ] [MainThread]:   role: DBT_ROLE
[0m09:37:27.681707 [info ] [MainThread]:   schema: STAGING
[0m09:37:27.682253 [info ] [MainThread]:   authenticator: None
[0m09:37:27.682938 [info ] [MainThread]:   oauth_client_id: None
[0m09:37:27.684414 [info ] [MainThread]:   query_tag: None
[0m09:37:27.685166 [info ] [MainThread]:   client_session_keep_alive: False
[0m09:37:27.685899 [info ] [MainThread]:   host: None
[0m09:37:27.686628 [info ] [MainThread]:   port: None
[0m09:37:27.687111 [info ] [MainThread]:   proxy_host: None
[0m09:37:27.687595 [info ] [MainThread]:   proxy_port: None
[0m09:37:27.688070 [info ] [MainThread]:   protocol: None
[0m09:37:27.688551 [info ] [MainThread]:   connect_retries: 1
[0m09:37:27.689682 [info ] [MainThread]:   connect_timeout: None
[0m09:37:27.690610 [info ] [MainThread]:   retry_on_database_errors: False
[0m09:37:27.691445 [info ] [MainThread]:   retry_all: False
[0m09:37:27.692143 [info ] [MainThread]:   insecure_mode: False
[0m09:37:27.692660 [info ] [MainThread]:   reuse_connections: True
[0m09:37:27.693296 [info ] [MainThread]: Registered adapter: snowflake=1.9.0
[0m09:37:27.801109 [debug] [MainThread]: Acquiring new snowflake connection 'debug'
[0m09:37:27.836154 [debug] [MainThread]: Using snowflake connection "debug"
[0m09:37:27.836723 [debug] [MainThread]: On debug: select 1 as id
[0m09:37:27.837170 [debug] [MainThread]: Opening a new connection, currently in state init
[0m09:37:29.975238 [debug] [MainThread]: SQL status: SUCCESS 1 in 2.138 seconds
[0m09:37:29.976751 [info ] [MainThread]:   Connection test: [[32mOK connection ok[0m]

[0m09:37:29.977521 [info ] [MainThread]: [32mAll checks passed![0m
[0m09:37:29.978216 [info ] [MainThread]: Your new dbt project "zomato" was created!
Initialized new project in /workspaces/data_engineering/zomato-ai-data-engineering-end-to-end-project/zomato/zomato

For more information on how to configure the profiles.yml file,
please consult the dbt documentation here:

  https://docs.getdbt.com/docs/configure-your-profile

One more thing:

Need help? Don't hesitate to reach out to us via GitHub issues or on Slack:

  https://community.getdbt.com/

Happy modeling!

[0m09:37:29.981290 [debug] [MainThread]: Resource report: {"command_name": "init", "command_success": true, "command_wall_clock_time": 761.8028, "process_in_blocks": "9936", "process_kernel_time": 0.23374, "process_mem_max_rss": "163416", "process_out_blocks": "112", "process_user_time": 2.195567}
[0m09:37:29.982226 [debug] [MainThread]: Command `dbt init` succeeded at 09:37:29.982098 after 761.80 seconds
[0m09:37:29.982801 [debug] [MainThread]: Connection 'debug' was left open.
[0m09:37:29.983519 [debug] [MainThread]: On debug: Close
[0m09:37:30.067780 [debug] [MainThread]: Sending event: {'category': 'dbt', 'action': 'invocation', 'label': 'end', 'context': [<snowplow_tracker.self_describing_json.SelfDescribingJson object at 0x76c02fb47020>, <snowplow_tracker.self_describing_json.SelfDescribingJson object at 0x76c02d1c5010>, <snowplow_tracker.self_describing_json.SelfDescribingJson object at 0x76c02d19d7f0>]}
[0m09:37:30.068522 [debug] [MainThread]: Flushing usage events
[0m09:37:30.430490 [debug] [MainThread]: An error was encountered while trying to flush usage events
