{"timestamp":"2026-09-21T16:25:21.541068","level":"info","event":"DAG bundles loaded: dags-folder","logger":"airflow.dag_processing.bundles.manager.DagBundlesManager"}
{"timestamp":"2026-09-21T16:25:21.543573","level":"info","event":"Filling up the DagBag from /opt/airflow/dags/zomato_batch.py","logger":"airflow.models.dagbag.DagBag"}
{"timestamp":"2026-09-21T16:25:23.038006","level":"info","event":"Tmp dir root location: /tmp","logger":"airflow.task.hooks.airflow.providers.standard.hooks.subprocess.SubprocessHook"}
{"timestamp":"2026-09-21T16:25:23.038719","level":"info","event":"Running command: ['/usr/bin/bash', '-c', 'python /opt/airflow/scripts/load_minio_to_snowflake.py --all']","logger":"airflow.task.hooks.airflow.providers.standard.hooks.subprocess.SubprocessHook"}
{"timestamp":"2026-09-21T16:25:23.052360","level":"info","event":"Output:","logger":"airflow.task.hooks.airflow.providers.standard.hooks.subprocess.SubprocessHook"}
{"timestamp":"2026-09-21T16:25:41.113608","level":"info","event":"✓ Connexion MinIO configurée","logger":"airflow.task.hooks.airflow.providers.standard.hooks.subprocess.SubprocessHook"}
{"timestamp":"2026-09-21T16:25:41.113799","level":"info","event":"✓ Connexion Snowflake OK","logger":"airflow.task.hooks.airflow.providers.standard.hooks.subprocess.SubprocessHook"}
{"timestamp":"2026-09-21T16:25:41.113908","level":"info","event":"","logger":"airflow.task.hooks.airflow.providers.standard.hooks.subprocess.SubprocessHook"}
{"timestamp":"2026-09-21T16:25:41.113996","level":"info","event":"======================================================================","logger":"airflow.task.hooks.airflow.providers.standard.hooks.subprocess.SubprocessHook"}
{"timestamp":"2026-09-21T16:25:41.114104","level":"info","event":"CHARGEMENT : restaurants","logger":"airflow.task.hooks.airflow.providers.standard.hooks.subprocess.SubprocessHook"}
{"timestamp":"2026-09-21T16:25:41.114187","level":"info","event":"======================================================================","logger":"airflow.task.hooks.airflow.providers.standard.hooks.subprocess.SubprocessHook"}
{"timestamp":"2026-09-21T16:25:41.114269","level":"info","event":"","logger":"airflow.task.hooks.airflow.providers.standard.hooks.subprocess.SubprocessHook"}
{"timestamp":"2026-09-21T16:25:41.114360","level":"info","event":"→ Vérification du fichier dans MinIO","logger":"airflow.task.hooks.airflow.providers.standard.hooks.subprocess.SubprocessHook"}
{"timestamp":"2026-09-21T16:25:41.114451","level":"info","event":"  Source : s3://zomatodataset/raw/restaurant/restaurant.csv","logger":"airflow.task.hooks.airflow.providers.standard.hooks.subprocess.SubprocessHook"}
{"timestamp":"2026-09-21T16:25:41.114530","level":"info","event":"  Taille : 46,731,352 bytes","logger":"airflow.task.hooks.airflow.providers.standard.hooks.subprocess.SubprocessHook"}
{"timestamp":"2026-09-21T16:25:41.114607","level":"info","event":"  ETag   : ced5cfa84308c897d65fa4532feb5f80-6","logger":"airflow.task.hooks.airflow.providers.standard.hooks.subprocess.SubprocessHook"}
{"timestamp":"2026-09-21T16:25:41.114691","level":"info","event":"","logger":"airflow.task.hooks.airflow.providers.standard.hooks.subprocess.SubprocessHook"}
{"timestamp":"2026-09-21T16:25:41.114769","level":"info","event":"✓ Fichier déjà traité → SKIP","logger":"airflow.task.hooks.airflow.providers.standard.hooks.subprocess.SubprocessHook"}
{"timestamp":"2026-09-21T16:25:41.114851","level":"info","event":"  Aucun téléchargement effectué.","logger":"airflow.task.hooks.airflow.providers.standard.hooks.subprocess.SubprocessHook"}
{"timestamp":"2026-09-21T16:25:41.114928","level":"info","event":"  Aucun PUT effectué.","logger":"airflow.task.hooks.airflow.providers.standard.hooks.subprocess.SubprocessHook"}
{"timestamp":"2026-09-21T16:25:41.115006","level":"info","event":"  Aucun COPY effectué.","logger":"airflow.task.hooks.airflow.providers.standard.hooks.subprocess.SubprocessHook"}
{"timestamp":"2026-09-21T16:25:41.117449","level":"info","event":"","logger":"airflow.task.hooks.airflow.providers.standard.hooks.subprocess.SubprocessHook"}
{"timestamp":"2026-09-21T16:25:41.117543","level":"info","event":"======================================================================","logger":"airflow.task.hooks.airflow.providers.standard.hooks.subprocess.SubprocessHook"}
{"timestamp":"2026-09-21T16:25:41.117621","level":"info","event":"CHARGEMENT : users","logger":"airflow.task.hooks.airflow.providers.standard.hooks.subprocess.SubprocessHook"}
{"timestamp":"2026-09-21T16:25:41.117694","level":"info","event":"======================================================================","logger":"airflow.task.hooks.airflow.providers.standard.hooks.subprocess.SubprocessHook"}
{"timestamp":"2026-09-21T16:25:41.117770","level":"info","event":"","logger":"airflow.task.hooks.airflow.providers.standard.hooks.subprocess.SubprocessHook"}
{"timestamp":"2026-09-21T16:25:41.117847","level":"info","event":"→ Vérification du fichier dans MinIO","logger":"airflow.task.hooks.airflow.providers.standard.hooks.subprocess.SubprocessHook"}
{"timestamp":"2026-09-21T16:25:41.117930","level":"info","event":"  Source : s3://zomatodataset/raw/users/users.csv","logger":"airflow.task.hooks.airflow.providers.standard.hooks.subprocess.SubprocessHook"}
{"timestamp":"2026-09-21T16:25:41.118006","level":"info","event":"  Taille : 11,239,820 bytes","logger":"airflow.task.hooks.airflow.providers.standard.hooks.subprocess.SubprocessHook"}
{"timestamp":"2026-09-21T16:25:41.118096","level":"info","event":"  ETag   : 6e8fc1df40fb09c65a8c33814b4bd5f1-2","logger":"airflow.task.hooks.airflow.providers.standard.hooks.subprocess.SubprocessHook"}
{"timestamp":"2026-09-21T16:25:41.118161","level":"info","event":"","logger":"airflow.task.hooks.airflow.providers.standard.hooks.subprocess.SubprocessHook"}
{"timestamp":"2026-09-21T16:25:41.118357","level":"info","event":"✓ Fichier déjà traité → SKIP","logger":"airflow.task.hooks.airflow.providers.standard.hooks.subprocess.SubprocessHook"}
{"timestamp":"2026-09-21T16:25:41.118443","level":"info","event":"  Aucun téléchargement effectué.","logger":"airflow.task.hooks.airflow.providers.standard.hooks.subprocess.SubprocessHook"}
{"timestamp":"2026-09-21T16:25:41.118514","level":"info","event":"  Aucun PUT effectué.","logger":"airflow.task.hooks.airflow.providers.standard.hooks.subprocess.SubprocessHook"}
{"timestamp":"2026-09-21T16:25:41.118585","level":"info","event":"  Aucun COPY effectué.","logger":"airflow.task.hooks.airflow.providers.standard.hooks.subprocess.SubprocessHook"}
{"timestamp":"2026-09-21T16:25:41.118656","level":"info","event":"","logger":"airflow.task.hooks.airflow.providers.standard.hooks.subprocess.SubprocessHook"}
{"timestamp":"2026-09-21T16:25:41.118729","level":"info","event":"======================================================================","logger":"airflow.task.hooks.airflow.providers.standard.hooks.subprocess.SubprocessHook"}
{"timestamp":"2026-09-21T16:25:41.118808","level":"info","event":"CHARGEMENT : food","logger":"airflow.task.hooks.airflow.providers.standard.hooks.subprocess.SubprocessHook"}
{"timestamp":"2026-09-21T16:25:41.118882","level":"info","event":"======================================================================","logger":"airflow.task.hooks.airflow.providers.standard.hooks.subprocess.SubprocessHook"}
{"timestamp":"2026-09-21T16:25:41.118956","level":"info","event":"","logger":"airflow.task.hooks.airflow.providers.standard.hooks.subprocess.SubprocessHook"}
{"timestamp":"2026-09-21T16:25:41.122242","level":"info","event":"→ Vérification du fichier dans MinIO","logger":"airflow.task.hooks.airflow.providers.standard.hooks.subprocess.SubprocessHook"}
{"timestamp":"2026-09-21T16:25:41.122363","level":"info","event":"  Source : s3://zomatodataset/raw/food/food.csv","logger":"airflow.task.hooks.airflow.providers.standard.hooks.subprocess.SubprocessHook"}
{"timestamp":"2026-09-21T16:25:41.122446","level":"info","event":"  Taille : 17,208,649 bytes","logger":"airflow.task.hooks.airflow.providers.standard.hooks.subprocess.SubprocessHook"}
{"timestamp":"2026-09-21T16:25:41.122522","level":"info","event":"  ETag   : d504a9b1b41029d1b721200ef9d827c7-3","logger":"airflow.task.hooks.airflow.providers.standard.hooks.subprocess.SubprocessHook"}
{"timestamp":"2026-09-21T16:25:41.122595","level":"info","event":"","logger":"airflow.task.hooks.airflow.providers.standard.hooks.subprocess.SubprocessHook"}
{"timestamp":"2026-09-21T16:25:41.122682","level":"info","event":"✓ Fichier déjà traité → SKIP","logger":"airflow.task.hooks.airflow.providers.standard.hooks.subprocess.SubprocessHook"}
{"timestamp":"2026-09-21T16:25:41.122767","level":"info","event":"  Aucun téléchargement effectué.","logger":"airflow.task.hooks.airflow.providers.standard.hooks.subprocess.SubprocessHook"}
{"timestamp":"2026-09-21T16:25:41.122843","level":"info","event":"  Aucun PUT effectué.","logger":"airflow.task.hooks.airflow.providers.standard.hooks.subprocess.SubprocessHook"}
{"timestamp":"2026-09-21T16:25:41.122921","level":"info","event":"  Aucun COPY effectué.","logger":"airflow.task.hooks.airflow.providers.standard.hooks.subprocess.SubprocessHook"}
{"timestamp":"2026-09-21T16:25:41.122995","level":"info","event":"","logger":"airflow.task.hooks.airflow.providers.standard.hooks.subprocess.SubprocessHook"}
{"timestamp":"2026-09-21T16:25:41.123087","level":"info","event":"======================================================================","logger":"airflow.task.hooks.airflow.providers.standard.hooks.subprocess.SubprocessHook"}
{"timestamp":"2026-09-21T16:25:41.123162","level":"info","event":"CHARGEMENT : menu","logger":"airflow.task.hooks.airflow.providers.standard.hooks.subprocess.SubprocessHook"}
{"timestamp":"2026-09-21T16:25:41.123239","level":"info","event":"======================================================================","logger":"airflow.task.hooks.airflow.providers.standard.hooks.subprocess.SubprocessHook"}
{"timestamp":"2026-09-21T16:25:41.123315","level":"info","event":"","logger":"airflow.task.hooks.airflow.providers.standard.hooks.subprocess.SubprocessHook"}
{"timestamp":"2026-09-21T16:25:41.123392","level":"info","event":"→ Vérification du fichier dans MinIO","logger":"airflow.task.hooks.airflow.providers.standard.hooks.subprocess.SubprocessHook"}
{"timestamp":"2026-09-21T16:25:41.123473","level":"info","event":"  Source : s3://zomatodataset/raw/menu/menu.csv","logger":"airflow.task.hooks.airflow.providers.standard.hooks.subprocess.SubprocessHook"}
{"timestamp":"2026-09-21T16:25:41.123552","level":"info","event":"  Taille : 65,833,035 bytes","logger":"airflow.task.hooks.airflow.providers.standard.hooks.subprocess.SubprocessHook"}
{"timestamp":"2026-09-21T16:25:41.123623","level":"info","event":"  ETag   : d49b5bfb2071a6b7cc56125c8191d5ef-8","logger":"airflow.task.hooks.airflow.providers.standard.hooks.subprocess.SubprocessHook"}
{"timestamp":"2026-09-21T16:25:41.123693","level":"info","event":"","logger":"airflow.task.hooks.airflow.providers.standard.hooks.subprocess.SubprocessHook"}
{"timestamp":"2026-09-21T16:25:41.123762","level":"info","event":"✓ Fichier déjà traité → SKIP","logger":"airflow.task.hooks.airflow.providers.standard.hooks.subprocess.SubprocessHook"}
{"timestamp":"2026-09-21T16:25:41.123833","level":"info","event":"  Aucun téléchargement effectué.","logger":"airflow.task.hooks.airflow.providers.standard.hooks.subprocess.SubprocessHook"}
{"timestamp":"2026-09-21T16:25:41.123900","level":"info","event":"  Aucun PUT effectué.","logger":"airflow.task.hooks.airflow.providers.standard.hooks.subprocess.SubprocessHook"}
{"timestamp":"2026-09-21T16:25:41.123972","level":"info","event":"  Aucun COPY effectué.","logger":"airflow.task.hooks.airflow.providers.standard.hooks.subprocess.SubprocessHook"}
{"timestamp":"2026-09-21T16:25:41.125581","level":"info","event":"","logger":"airflow.task.hooks.airflow.providers.standard.hooks.subprocess.SubprocessHook"}
{"timestamp":"2026-09-21T16:25:41.125685","level":"info","event":"======================================================================","logger":"airflow.task.hooks.airflow.providers.standard.hooks.subprocess.SubprocessHook"}
{"timestamp":"2026-09-21T16:25:41.125772","level":"info","event":"CHARGEMENT : orders","logger":"airflow.task.hooks.airflow.providers.standard.hooks.subprocess.SubprocessHook"}
{"timestamp":"2026-09-21T16:25:41.125848","level":"info","event":"======================================================================","logger":"airflow.task.hooks.airflow.providers.standard.hooks.subprocess.SubprocessHook"}
{"timestamp":"2026-09-21T16:25:41.125925","level":"info","event":"","logger":"airflow.task.hooks.airflow.providers.standard.hooks.subprocess.SubprocessHook"}
{"timestamp":"2026-09-21T16:25:41.126006","level":"info","event":"→ Vérification du fichier dans MinIO","logger":"airflow.task.hooks.airflow.providers.standard.hooks.subprocess.SubprocessHook"}
{"timestamp":"2026-09-21T16:25:41.126108","level":"info","event":"  Source : s3://zomatodataset/raw/orders/orders.csv","logger":"airflow.task.hooks.airflow.providers.standard.hooks.subprocess.SubprocessHook"}
{"timestamp":"2026-09-21T16:25:41.126190","level":"info","event":"  Taille : 1,332,004,808 bytes","logger":"airflow.task.hooks.airflow.providers.standard.hooks.subprocess.SubprocessHook"}
{"timestamp":"2026-09-21T16:25:41.126270","level":"info","event":"  ETag   : e279e61a86b57683730bc8579907919a-159","logger":"airflow.task.hooks.airflow.providers.standard.hooks.subprocess.SubprocessHook"}
{"timestamp":"2026-09-21T16:25:41.126349","level":"info","event":"","logger":"airflow.task.hooks.airflow.providers.standard.hooks.subprocess.SubprocessHook"}
{"timestamp":"2026-09-21T16:25:41.126426","level":"info","event":"✓ Fichier déjà traité → SKIP","logger":"airflow.task.hooks.airflow.providers.standard.hooks.subprocess.SubprocessHook"}
{"timestamp":"2026-09-21T16:25:41.126505","level":"info","event":"  Aucun téléchargement effectué.","logger":"airflow.task.hooks.airflow.providers.standard.hooks.subprocess.SubprocessHook"}
{"timestamp":"2026-09-21T16:25:41.126583","level":"info","event":"  Aucun PUT effectué.","logger":"airflow.task.hooks.airflow.providers.standard.hooks.subprocess.SubprocessHook"}
{"timestamp":"2026-09-21T16:25:41.126663","level":"info","event":"  Aucun COPY effectué.","logger":"airflow.task.hooks.airflow.providers.standard.hooks.subprocess.SubprocessHook"}
{"timestamp":"2026-09-21T16:25:41.126740","level":"info","event":"","logger":"airflow.task.hooks.airflow.providers.standard.hooks.subprocess.SubprocessHook"}
{"timestamp":"2026-09-21T16:25:41.126819","level":"info","event":"======================================================================","logger":"airflow.task.hooks.airflow.providers.standard.hooks.subprocess.SubprocessHook"}
{"timestamp":"2026-09-21T16:25:41.126896","level":"info","event":"CHARGEMENT : order_items","logger":"airflow.task.hooks.airflow.providers.standard.hooks.subprocess.SubprocessHook"}
{"timestamp":"2026-09-21T16:25:41.126972","level":"info","event":"======================================================================","logger":"airflow.task.hooks.airflow.providers.standard.hooks.subprocess.SubprocessHook"}
{"timestamp":"2026-09-21T16:25:41.128965","level":"info","event":"","logger":"airflow.task.hooks.airflow.providers.standard.hooks.subprocess.SubprocessHook"}
{"timestamp":"2026-09-21T16:25:41.129072","level":"info","event":"→ Vérification du fichier dans MinIO","logger":"airflow.task.hooks.airflow.providers.standard.hooks.subprocess.SubprocessHook"}
{"timestamp":"2026-09-21T16:25:41.129154","level":"info","event":"  Source : s3://zomatodataset/raw/order_items/order_items.csv","logger":"airflow.task.hooks.airflow.providers.standard.hooks.subprocess.SubprocessHook"}
{"timestamp":"2026-09-21T16:25:41.129226","level":"info","event":"  Taille : 955,117,276 bytes","logger":"airflow.task.hooks.airflow.providers.standard.hooks.subprocess.SubprocessHook"}
{"timestamp":"2026-09-21T16:25:41.129303","level":"info","event":"  ETag   : 144ace77c9a1dcbc351bc097fed5ef3f-114","logger":"airflow.task.hooks.airflow.providers.standard.hooks.subprocess.SubprocessHook"}
{"timestamp":"2026-09-21T16:25:41.129374","level":"info","event":"","logger":"airflow.task.hooks.airflow.providers.standard.hooks.subprocess.SubprocessHook"}
{"timestamp":"2026-09-21T16:25:41.129446","level":"info","event":"✓ Fichier déjà traité → SKIP","logger":"airflow.task.hooks.airflow.providers.standard.hooks.subprocess.SubprocessHook"}
{"timestamp":"2026-09-21T16:25:41.129525","level":"info","event":"  Aucun téléchargement effectué.","logger":"airflow.task.hooks.airflow.providers.standard.hooks.subprocess.SubprocessHook"}
{"timestamp":"2026-09-21T16:25:41.129608","level":"info","event":"  Aucun PUT effectué.","logger":"airflow.task.hooks.airflow.providers.standard.hooks.subprocess.SubprocessHook"}
{"timestamp":"2026-09-21T16:25:41.129687","level":"info","event":"  Aucun COPY effectué.","logger":"airflow.task.hooks.airflow.providers.standard.hooks.subprocess.SubprocessHook"}
{"timestamp":"2026-09-21T16:25:41.129764","level":"info","event":"","logger":"airflow.task.hooks.airflow.providers.standard.hooks.subprocess.SubprocessHook"}
{"timestamp":"2026-09-21T16:25:41.129839","level":"info","event":"======================================================================","logger":"airflow.task.hooks.airflow.providers.standard.hooks.subprocess.SubprocessHook"}
{"timestamp":"2026-09-21T16:25:41.129913","level":"info","event":"CHARGEMENT : reviews","logger":"airflow.task.hooks.airflow.providers.standard.hooks.subprocess.SubprocessHook"}
{"timestamp":"2026-09-21T16:25:41.129982","level":"info","event":"======================================================================","logger":"airflow.task.hooks.airflow.providers.standard.hooks.subprocess.SubprocessHook"}
{"timestamp":"2026-09-21T16:25:41.130052","level":"info","event":"","logger":"airflow.task.hooks.airflow.providers.standard.hooks.subprocess.SubprocessHook"}
{"timestamp":"2026-09-21T16:25:41.130117","level":"info","event":"→ Vérification du fichier dans MinIO","logger":"airflow.task.hooks.airflow.providers.standard.hooks.subprocess.SubprocessHook"}
{"timestamp":"2026-09-21T16:25:41.130185","level":"info","event":"  Source : s3://zomatodataset/raw/reviews/reviews.csv","logger":"airflow.task.hooks.airflow.providers.standard.hooks.subprocess.SubprocessHook"}
{"timestamp":"2026-09-21T16:25:41.130252","level":"info","event":"  Taille : 25,406,720 bytes","logger":"airflow.task.hooks.airflow.providers.standard.hooks.subprocess.SubprocessHook"}
{"timestamp":"2026-09-21T16:25:41.130324","level":"info","event":"  ETag   : 08f9020c5a863ee2b5cf4e13beee0fbc-4","logger":"airflow.task.hooks.airflow.providers.standard.hooks.subprocess.SubprocessHook"}
{"timestamp":"2026-09-21T16:25:41.130392","level":"info","event":"","logger":"airflow.task.hooks.airflow.providers.standard.hooks.subprocess.SubprocessHook"}
{"timestamp":"2026-09-21T16:25:41.130459","level":"info","event":"✓ Fichier déjà traité → SKIP","logger":"airflow.task.hooks.airflow.providers.standard.hooks.subprocess.SubprocessHook"}
{"timestamp":"2026-09-21T16:25:41.133044","level":"info","event":"  Aucun téléchargement effectué.","logger":"airflow.task.hooks.airflow.providers.standard.hooks.subprocess.SubprocessHook"}
{"timestamp":"2026-09-21T16:25:41.133190","level":"info","event":"  Aucun PUT effectué.","logger":"airflow.task.hooks.airflow.providers.standard.hooks.subprocess.SubprocessHook"}
{"timestamp":"2026-09-21T16:25:41.133276","level":"info","event":"  Aucun COPY effectué.","logger":"airflow.task.hooks.airflow.providers.standard.hooks.subprocess.SubprocessHook"}
{"timestamp":"2026-09-21T16:25:41.133351","level":"info","event":"","logger":"airflow.task.hooks.airflow.providers.standard.hooks.subprocess.SubprocessHook"}
{"timestamp":"2026-09-21T16:25:41.133412","level":"info","event":"✓ Connexion Snowflake fermée","logger":"airflow.task.hooks.airflow.providers.standard.hooks.subprocess.SubprocessHook"}
{"timestamp":"2026-09-21T16:25:41.450426","level":"info","event":"Command exited with return code 0","logger":"airflow.task.hooks.airflow.providers.standard.hooks.subprocess.SubprocessHook"}
{"timestamp":"2026-09-21T16:25:41.451124","level":"info","event":"Pushing xcom","ti":"RuntimeTaskInstance(id=UUID('01a0c4c9-4681-7aa0-b5d3-2b23956c94be'), task_id='reload_raw', dag_id='zomato_batch', run_id='manual__2026-09-21T16:25:20.239380+00:00', try_number=1, map_index=-1, hostname='0de18a62dd44', context_carrier=None, task=<Task(BashOperator): reload_raw>, bundle_instance=LocalDagBundle(name=dags-folder), max_tries=0, start_date=datetime.datetime(2026, 9, 21, 16, 25, 20, 421568, tzinfo=datetime.timezone.utc), end_date=None, state=<TaskInstanceState.RUNNING: 'running'>, is_mapped=False, rendered_map_index=None, log_url='https://expert-space-guide-49xj5xpgq5wcjjpj-8080.app.github.devdags/zomato_batch/runs/manual__2026-09-21T16%3A25%3A20.239380%2B00%3A00/tasks/reload_raw?try_number=1')","logger":"task"}
