{"timestamp":"2026-09-21T16:25:41.925866","level":"info","event":"DAG bundles loaded: dags-folder","logger":"airflow.dag_processing.bundles.manager.DagBundlesManager"}
{"timestamp":"2026-09-21T16:25:41.926538","level":"info","event":"Filling up the DagBag from /opt/airflow/dags/zomato_batch.py","logger":"airflow.models.dagbag.DagBag"}
{"timestamp":"2026-09-21T16:25:42.443295","level":"info","event":"Tmp dir root location: /tmp","logger":"airflow.task.hooks.airflow.providers.standard.hooks.subprocess.SubprocessHook"}
{"timestamp":"2026-09-21T16:25:42.444002","level":"info","event":"Running command: ['/usr/bin/bash', '-c', '/opt/airflow/dbt_venv/bin/dbt build --project-dir /opt/airflow/dbt/zomato --profiles-dir /home/airflow/.dbt']","logger":"airflow.task.hooks.airflow.providers.standard.hooks.subprocess.SubprocessHook"}
{"timestamp":"2026-09-21T16:25:42.457534","level":"info","event":"Output:","logger":"airflow.task.hooks.airflow.providers.standard.hooks.subprocess.SubprocessHook"}
{"timestamp":"2026-09-21T16:25:51.596537","level":"info","event":"\u001b[0m16:25:51  Running with dbt=1.12.4","logger":"airflow.task.hooks.airflow.providers.standard.hooks.subprocess.SubprocessHook"}
{"timestamp":"2026-09-21T16:25:54.285099","level":"info","event":"\u001b[0m16:25:54  Registered adapter: snowflake=1.8.4","logger":"airflow.task.hooks.airflow.providers.standard.hooks.subprocess.SubprocessHook"}
{"timestamp":"2026-09-21T16:25:55.608166","level":"info","event":"\u001b[0m16:25:55  [\u001b[33mWARNING\u001b[0m]: Configuration paths exist in your dbt_project.yml file which do not apply to any resources.","logger":"airflow.task.hooks.airflow.providers.standard.hooks.subprocess.SubprocessHook"}
{"timestamp":"2026-09-21T16:25:55.608342","level":"info","event":"There are 1 unused configuration paths:","logger":"airflow.task.hooks.airflow.providers.standard.hooks.subprocess.SubprocessHook"}
{"timestamp":"2026-09-21T16:25:55.608428","level":"info","event":"- models.zomato.snapshot","logger":"airflow.task.hooks.airflow.providers.standard.hooks.subprocess.SubprocessHook"}
{"timestamp":"2026-09-21T16:25:55.960430","level":"info","event":"\u001b[0m16:25:55  Found 16 models, 16 data tests, 7 sources, 506 macros","logger":"airflow.task.hooks.airflow.providers.standard.hooks.subprocess.SubprocessHook"}
{"timestamp":"2026-09-21T16:25:55.965369","level":"info","event":"\u001b[0m16:25:55","logger":"airflow.task.hooks.airflow.providers.standard.hooks.subprocess.SubprocessHook"}
{"timestamp":"2026-09-21T16:25:55.965910","level":"info","event":"\u001b[0m16:25:55  Concurrency: 8 threads (target='dev')","logger":"airflow.task.hooks.airflow.providers.standard.hooks.subprocess.SubprocessHook"}
{"timestamp":"2026-09-21T16:25:55.966493","level":"info","event":"\u001b[0m16:25:55","logger":"airflow.task.hooks.airflow.providers.standard.hooks.subprocess.SubprocessHook"}
{"timestamp":"2026-09-21T16:25:59.590215","level":"info","event":"\u001b[0m16:25:59  1 of 32 START sql table model marts.dim_date ................................... [RUN]","logger":"airflow.task.hooks.airflow.providers.standard.hooks.subprocess.SubprocessHook"}
{"timestamp":"2026-09-21T16:25:59.597263","level":"info","event":"\u001b[0m16:25:59  3 of 32 START sql view model staging.stg_menu .................................. [RUN]","logger":"airflow.task.hooks.airflow.providers.standard.hooks.subprocess.SubprocessHook"}
{"timestamp":"2026-09-21T16:25:59.598621","level":"info","event":"\u001b[0m16:25:59  2 of 32 START sql view model staging.stg_food .................................. [RUN]","logger":"airflow.task.hooks.airflow.providers.standard.hooks.subprocess.SubprocessHook"}
{"timestamp":"2026-09-21T16:25:59.601719","level":"info","event":"\u001b[0m16:25:59  4 of 32 START sql view model staging.stg_order_items ........................... [RUN]","logger":"airflow.task.hooks.airflow.providers.standard.hooks.subprocess.SubprocessHook"}
{"timestamp":"2026-09-21T16:25:59.603632","level":"info","event":"\u001b[0m16:25:59  6 of 32 START sql view model staging.stg_restaurants ........................... [RUN]","logger":"airflow.task.hooks.airflow.providers.standard.hooks.subprocess.SubprocessHook"}
{"timestamp":"2026-09-21T16:25:59.609891","level":"info","event":"\u001b[0m16:25:59  7 of 32 START sql view model staging.stg_users ................................. [RUN]","logger":"airflow.task.hooks.airflow.providers.standard.hooks.subprocess.SubprocessHook"}
{"timestamp":"2026-09-21T16:25:59.612280","level":"info","event":"\u001b[0m16:25:59  5 of 32 START sql view model staging.stg_orders ................................ [RUN]","logger":"airflow.task.hooks.airflow.providers.standard.hooks.subprocess.SubprocessHook"}
{"timestamp":"2026-09-21T16:26:00.527168","level":"info","event":"\u001b[0m16:26:00  6 of 32 OK created sql view model staging.stg_restaurants ...................... [\u001b[32mSUCCESS 1\u001b[0m in 0.91s]","logger":"airflow.task.hooks.airflow.providers.standard.hooks.subprocess.SubprocessHook"}
{"timestamp":"2026-09-21T16:26:00.531758","level":"info","event":"\u001b[0m16:26:00  3 of 32 OK created sql view model staging.stg_menu ............................. [\u001b[32mSUCCESS 1\u001b[0m in 0.93s]","logger":"airflow.task.hooks.airflow.providers.standard.hooks.subprocess.SubprocessHook"}
{"timestamp":"2026-09-21T16:26:00.535444","level":"info","event":"\u001b[0m16:26:00  8 of 32 START test not_null_stg_restaurants_restaurant_id ...................... [RUN]","logger":"airflow.task.hooks.airflow.providers.standard.hooks.subprocess.SubprocessHook"}
{"timestamp":"2026-09-21T16:26:00.536243","level":"info","event":"\u001b[0m16:26:00  9 of 32 START test unique_stg_restaurants_restaurant_id ........................ [RUN]","logger":"airflow.task.hooks.airflow.providers.standard.hooks.subprocess.SubprocessHook"}
{"timestamp":"2026-09-21T16:26:00.537357","level":"info","event":"\u001b[0m16:26:00  7 of 32 OK created sql view model staging.stg_users ............................ [\u001b[32mSUCCESS 1\u001b[0m in 0.92s]","logger":"airflow.task.hooks.airflow.providers.standard.hooks.subprocess.SubprocessHook"}
{"timestamp":"2026-09-21T16:26:00.588075","level":"info","event":"\u001b[0m16:26:00  10 of 32 START test not_null_stg_users_customer_id ............................. [RUN]","logger":"airflow.task.hooks.airflow.providers.standard.hooks.subprocess.SubprocessHook"}
{"timestamp":"2026-09-21T16:26:00.595231","level":"info","event":"\u001b[0m16:26:00  11 of 32 START test unique_stg_users_customer_id ............................... [RUN]","logger":"airflow.task.hooks.airflow.providers.standard.hooks.subprocess.SubprocessHook"}
{"timestamp":"2026-09-21T16:26:00.607238","level":"info","event":"\u001b[0m16:26:00  4 of 32 OK created sql view model staging.stg_order_items ...................... [\u001b[32mSUCCESS 1\u001b[0m in 0.99s]","logger":"airflow.task.hooks.airflow.providers.standard.hooks.subprocess.SubprocessHook"}
{"timestamp":"2026-09-21T16:26:00.638853","level":"info","event":"\u001b[0m16:26:00  12 of 32 START test not_null_stg_order_items_order_item_id ..................... [RUN]","logger":"airflow.task.hooks.airflow.providers.standard.hooks.subprocess.SubprocessHook"}
{"timestamp":"2026-09-21T16:26:00.730863","level":"info","event":"\u001b[0m16:26:00  2 of 32 OK created sql view model staging.stg_food ............................. [\u001b[32mSUCCESS 1\u001b[0m in 1.12s]","logger":"airflow.task.hooks.airflow.providers.standard.hooks.subprocess.SubprocessHook"}
{"timestamp":"2026-09-21T16:26:00.749266","level":"info","event":"\u001b[0m16:26:00  13 of 32 START test unique_stg_order_items_order_item_id ....................... [RUN]","logger":"airflow.task.hooks.airflow.providers.standard.hooks.subprocess.SubprocessHook"}
{"timestamp":"2026-09-21T16:26:00.762667","level":"info","event":"\u001b[0m16:26:00  5 of 32 OK created sql view model staging.stg_orders ........................... [\u001b[32mSUCCESS 1\u001b[0m in 1.13s]","logger":"airflow.task.hooks.airflow.providers.standard.hooks.subprocess.SubprocessHook"}
{"timestamp":"2026-09-21T16:26:00.803224","level":"info","event":"\u001b[0m16:26:00  14 of 32 START sql table model marts.dim_food .................................. [RUN]","logger":"airflow.task.hooks.airflow.providers.standard.hooks.subprocess.SubprocessHook"}
{"timestamp":"2026-09-21T16:26:01.057668","level":"info","event":"\u001b[0m16:26:01  1 of 32 OK created sql table model marts.dim_date .............................. [\u001b[32mSUCCESS 1\u001b[0m in 1.47s]","logger":"airflow.task.hooks.airflow.providers.standard.hooks.subprocess.SubprocessHook"}
{"timestamp":"2026-09-21T16:26:01.059846","level":"info","event":"\u001b[0m16:26:01  15 of 32 START test not_null_stg_orders_customer_id ............................ [RUN]","logger":"airflow.task.hooks.airflow.providers.standard.hooks.subprocess.SubprocessHook"}
{"timestamp":"2026-09-21T16:26:01.445738","level":"info","event":"\u001b[0m16:26:01  8 of 32 PASS not_null_stg_restaurants_restaurant_id ............................ [\u001b[32mPASS\u001b[0m in 0.91s]","logger":"airflow.task.hooks.airflow.providers.standard.hooks.subprocess.SubprocessHook"}
{"timestamp":"2026-09-21T16:26:01.448328","level":"info","event":"\u001b[0m16:26:01  16 of 32 START test not_null_stg_orders_order_id ............................... [RUN]","logger":"airflow.task.hooks.airflow.providers.standard.hooks.subprocess.SubprocessHook"}
{"timestamp":"2026-09-21T16:26:01.555198","level":"info","event":"\u001b[0m16:26:01  12 of 32 PASS not_null_stg_order_items_order_item_id ........................... [\u001b[32mPASS\u001b[0m in 0.91s]","logger":"airflow.task.hooks.airflow.providers.standard.hooks.subprocess.SubprocessHook"}
{"timestamp":"2026-09-21T16:26:01.566865","level":"info","event":"\u001b[0m16:26:01  17 of 32 START test not_null_stg_orders_restaurant_id .......................... [RUN]","logger":"airflow.task.hooks.airflow.providers.standard.hooks.subprocess.SubprocessHook"}
{"timestamp":"2026-09-21T16:26:01.661682","level":"info","event":"\u001b[0m16:26:01  9 of 32 PASS unique_stg_restaurants_restaurant_id .............................. [\u001b[32mPASS\u001b[0m in 1.10s]","logger":"airflow.task.hooks.airflow.providers.standard.hooks.subprocess.SubprocessHook"}
{"timestamp":"2026-09-21T16:26:01.664609","level":"info","event":"\u001b[0m16:26:01  18 of 32 START test unique_stg_orders_order_id ................................. [RUN]","logger":"airflow.task.hooks.airflow.providers.standard.hooks.subprocess.SubprocessHook"}
{"timestamp":"2026-09-21T16:26:01.682191","level":"info","event":"\u001b[0m16:26:01  15 of 32 PASS not_null_stg_orders_customer_id .................................. [\u001b[32mPASS\u001b[0m in 0.62s]","logger":"airflow.task.hooks.airflow.providers.standard.hooks.subprocess.SubprocessHook"}
{"timestamp":"2026-09-21T16:26:01.689777","level":"info","event":"\u001b[0m16:26:01  10 of 32 PASS not_null_stg_users_customer_id ................................... [\u001b[32mPASS\u001b[0m in 1.09s]","logger":"airflow.task.hooks.airflow.providers.standard.hooks.subprocess.SubprocessHook"}
{"timestamp":"2026-09-21T16:26:01.693948","level":"info","event":"\u001b[0m16:26:01  19 of 32 START sql table model marts.dim_restaurants ........................... [RUN]","logger":"airflow.task.hooks.airflow.providers.standard.hooks.subprocess.SubprocessHook"}
{"timestamp":"2026-09-21T16:26:01.695463","level":"info","event":"\u001b[0m16:26:01  20 of 32 START sql view model staging.stg_reviews .............................. [RUN]","logger":"airflow.task.hooks.airflow.providers.standard.hooks.subprocess.SubprocessHook"}
{"timestamp":"2026-09-21T16:26:01.916662","level":"info","event":"\u001b[0m16:26:01  11 of 32 PASS unique_stg_users_customer_id ..................................... [\u001b[32mPASS\u001b[0m in 1.31s]","logger":"airflow.task.hooks.airflow.providers.standard.hooks.subprocess.SubprocessHook"}
{"timestamp":"2026-09-21T16:26:01.919443","level":"info","event":"\u001b[0m16:26:01  21 of 32 START sql table model marts.dim_customer .............................. [RUN]","logger":"airflow.task.hooks.airflow.providers.standard.hooks.subprocess.SubprocessHook"}
{"timestamp":"2026-09-21T16:26:02.063775","level":"info","event":"\u001b[0m16:26:02  16 of 32 PASS not_null_stg_orders_order_id ..................................... [\u001b[32mPASS\u001b[0m in 0.61s]","logger":"airflow.task.hooks.airflow.providers.standard.hooks.subprocess.SubprocessHook"}
{"timestamp":"2026-09-21T16:26:02.140116","level":"info","event":"\u001b[0m16:26:02  17 of 32 PASS not_null_stg_orders_restaurant_id ................................ [\u001b[32mPASS\u001b[0m in 0.57s]","logger":"airflow.task.hooks.airflow.providers.standard.hooks.subprocess.SubprocessHook"}
{"timestamp":"2026-09-21T16:26:02.154065","level":"info","event":"\u001b[0m16:26:02  13 of 32 PASS unique_stg_order_items_order_item_id ............................. [\u001b[32mPASS\u001b[0m in 1.40s]","logger":"airflow.task.hooks.airflow.providers.standard.hooks.subprocess.SubprocessHook"}
{"timestamp":"2026-09-21T16:26:02.451232","level":"info","event":"\u001b[0m16:26:02  20 of 32 OK created sql view model staging.stg_reviews ......................... [\u001b[32mSUCCESS 1\u001b[0m in 0.75s]","logger":"airflow.task.hooks.airflow.providers.standard.hooks.subprocess.SubprocessHook"}
{"timestamp":"2026-09-21T16:26:02.454089","level":"info","event":"\u001b[0m16:26:02  22 of 32 START test not_null_stg_reviews_review_id ............................. [RUN]","logger":"airflow.task.hooks.airflow.providers.standard.hooks.subprocess.SubprocessHook"}
{"timestamp":"2026-09-21T16:26:02.454524","level":"info","event":"\u001b[0m16:26:02  23 of 32 START test unique_stg_reviews_review_id ............................... [RUN]","logger":"airflow.task.hooks.airflow.providers.standard.hooks.subprocess.SubprocessHook"}
{"timestamp":"2026-09-21T16:26:02.646135","level":"info","event":"\u001b[0m16:26:02  18 of 32 PASS unique_stg_orders_order_id ....................................... [\u001b[32mPASS\u001b[0m in 0.98s]","logger":"airflow.task.hooks.airflow.providers.standard.hooks.subprocess.SubprocessHook"}
{"timestamp":"2026-09-21T16:26:02.649080","level":"info","event":"\u001b[0m16:26:02  24 of 32 START sql incremental model marts.fact_order_items .................... [RUN]","logger":"airflow.task.hooks.airflow.providers.standard.hooks.subprocess.SubprocessHook"}
{"timestamp":"2026-09-21T16:26:02.649606","level":"info","event":"\u001b[0m16:26:02  25 of 32 START sql incremental model marts.fct_orders .......................... [RUN]","logger":"airflow.task.hooks.airflow.providers.standard.hooks.subprocess.SubprocessHook"}
{"timestamp":"2026-09-21T16:26:03.079688","level":"info","event":"\u001b[0m16:26:03  14 of 32 OK created sql table model marts.dim_food ............................. [\u001b[32mSUCCESS 1\u001b[0m in 2.27s]","logger":"airflow.task.hooks.airflow.providers.standard.hooks.subprocess.SubprocessHook"}
{"timestamp":"2026-09-21T16:26:03.234727","level":"info","event":"\u001b[0m16:26:03  22 of 32 PASS not_null_stg_reviews_review_id ................................... [\u001b[32mPASS\u001b[0m in 0.78s]","logger":"airflow.task.hooks.airflow.providers.standard.hooks.subprocess.SubprocessHook"}
{"timestamp":"2026-09-21T16:26:03.290598","level":"info","event":"\u001b[0m16:26:03  21 of 32 OK created sql table model marts.dim_customer ......................... [\u001b[32mSUCCESS 1\u001b[0m in 1.37s]","logger":"airflow.task.hooks.airflow.providers.standard.hooks.subprocess.SubprocessHook"}
{"timestamp":"2026-09-21T16:26:03.356940","level":"info","event":"\u001b[0m16:26:03  23 of 32 PASS unique_stg_reviews_review_id ..................................... [\u001b[32mPASS\u001b[0m in 0.90s]","logger":"airflow.task.hooks.airflow.providers.standard.hooks.subprocess.SubprocessHook"}
{"timestamp":"2026-09-21T16:26:03.360672","level":"info","event":"\u001b[0m16:26:03  19 of 32 OK created sql table model marts.dim_restaurants ...................... [\u001b[32mSUCCESS 1\u001b[0m in 1.67s]","logger":"airflow.task.hooks.airflow.providers.standard.hooks.subprocess.SubprocessHook"}
{"timestamp":"2026-09-21T16:26:05.201946","level":"info","event":"\u001b[0m16:26:05  24 of 32 OK created sql incremental model marts.fact_order_items ............... [\u001b[32mSUCCESS 0\u001b[0m in 2.55s]","logger":"airflow.task.hooks.airflow.providers.standard.hooks.subprocess.SubprocessHook"}
{"timestamp":"2026-09-21T16:26:05.497139","level":"info","event":"\u001b[0m16:26:05  25 of 32 OK created sql incremental model marts.fct_orders ..................... [\u001b[32mSUCCESS 0\u001b[0m in 2.84s]","logger":"airflow.task.hooks.airflow.providers.standard.hooks.subprocess.SubprocessHook"}
{"timestamp":"2026-09-21T16:26:05.500878","level":"info","event":"\u001b[0m16:26:05  26 of 32 START test accepted_values_fct_orders_order_status__Delivered__Cancelled__Refunded  [RUN]","logger":"airflow.task.hooks.airflow.providers.standard.hooks.subprocess.SubprocessHook"}
{"timestamp":"2026-09-21T16:26:05.502234","level":"info","event":"\u001b[0m16:26:05  27 of 32 START test not_null_fct_orders_order_id ............................... [RUN]","logger":"airflow.task.hooks.airflow.providers.standard.hooks.subprocess.SubprocessHook"}
{"timestamp":"2026-09-21T16:26:05.503556","level":"info","event":"\u001b[0m16:26:05  28 of 32 START test relationships_fct_orders_customer_id__customer_id__ref_dim_customer_  [RUN]","logger":"airflow.task.hooks.airflow.providers.standard.hooks.subprocess.SubprocessHook"}
{"timestamp":"2026-09-21T16:26:05.506649","level":"info","event":"\u001b[0m16:26:05  29 of 32 START test unique_fct_orders_order_id ................................. [RUN]","logger":"airflow.task.hooks.airflow.providers.standard.hooks.subprocess.SubprocessHook"}
{"timestamp":"2026-09-21T16:26:06.162007","level":"info","event":"\u001b[0m16:26:06  27 of 32 PASS not_null_fct_orders_order_id ..................................... [\u001b[32mPASS\u001b[0m in 0.66s]","logger":"airflow.task.hooks.airflow.providers.standard.hooks.subprocess.SubprocessHook"}
{"timestamp":"2026-09-21T16:26:06.417731","level":"info","event":"\u001b[0m16:26:06  26 of 32 PASS accepted_values_fct_orders_order_status__Delivered__Cancelled__Refunded  [\u001b[32mPASS\u001b[0m in 0.91s]","logger":"airflow.task.hooks.airflow.providers.standard.hooks.subprocess.SubprocessHook"}
{"timestamp":"2026-09-21T16:26:06.484801","level":"info","event":"\u001b[0m16:26:06  28 of 32 PASS relationships_fct_orders_customer_id__customer_id__ref_dim_customer_  [\u001b[32mPASS\u001b[0m in 0.98s]","logger":"airflow.task.hooks.airflow.providers.standard.hooks.subprocess.SubprocessHook"}
{"timestamp":"2026-09-21T16:26:06.544907","level":"info","event":"\u001b[0m16:26:06  29 of 32 PASS unique_fct_orders_order_id ....................................... [\u001b[32mPASS\u001b[0m in 1.01s]","logger":"airflow.task.hooks.airflow.providers.standard.hooks.subprocess.SubprocessHook"}
{"timestamp":"2026-09-21T16:26:06.548082","level":"info","event":"\u001b[0m16:26:06  30 of 32 START sql table model marts.mart_daily_city_revenune .................. [RUN]","logger":"airflow.task.hooks.airflow.providers.standard.hooks.subprocess.SubprocessHook"}
{"timestamp":"2026-09-21T16:26:06.549269","level":"info","event":"\u001b[0m16:26:06  31 of 32 START sql table model marts.mart_delivery_sla ......................... [RUN]","logger":"airflow.task.hooks.airflow.providers.standard.hooks.subprocess.SubprocessHook"}
{"timestamp":"2026-09-21T16:26:06.550700","level":"info","event":"\u001b[0m16:26:06  32 of 32 START sql table model marts.mart_restaurant_performance ............... [RUN]","logger":"airflow.task.hooks.airflow.providers.standard.hooks.subprocess.SubprocessHook"}
{"timestamp":"2026-09-21T16:26:08.404932","level":"info","event":"\u001b[0m16:26:08  30 of 32 OK created sql table model marts.mart_daily_city_revenune ............. [\u001b[32mSUCCESS 1\u001b[0m in 1.85s]","logger":"airflow.task.hooks.airflow.providers.standard.hooks.subprocess.SubprocessHook"}
{"timestamp":"2026-09-21T16:26:08.949809","level":"info","event":"\u001b[0m16:26:08  31 of 32 OK created sql table model marts.mart_delivery_sla .................... [\u001b[32mSUCCESS 1\u001b[0m in 2.40s]","logger":"airflow.task.hooks.airflow.providers.standard.hooks.subprocess.SubprocessHook"}
{"timestamp":"2026-09-21T16:26:09.018043","level":"info","event":"\u001b[0m16:26:09  32 of 32 OK created sql table model marts.mart_restaurant_performance .......... [\u001b[32mSUCCESS 1\u001b[0m in 2.46s]","logger":"airflow.task.hooks.airflow.providers.standard.hooks.subprocess.SubprocessHook"}
{"timestamp":"2026-09-21T16:26:09.024964","level":"info","event":"\u001b[0m16:26:09","logger":"airflow.task.hooks.airflow.providers.standard.hooks.subprocess.SubprocessHook"}
{"timestamp":"2026-09-21T16:26:09.025772","level":"info","event":"\u001b[0m16:26:09  Finished running 2 incremental models, 7 table models, 16 data tests, 7 view models in 0 hours 0 minutes and 13.06 seconds (13.06s).","logger":"airflow.task.hooks.airflow.providers.standard.hooks.subprocess.SubprocessHook"}
{"timestamp":"2026-09-21T16:26:09.125837","level":"info","event":"\u001b[0m16:26:09","logger":"airflow.task.hooks.airflow.providers.standard.hooks.subprocess.SubprocessHook"}
{"timestamp":"2026-09-21T16:26:09.127148","level":"info","event":"\u001b[0m16:26:09  \u001b[32mCompleted successfully\u001b[0m","logger":"airflow.task.hooks.airflow.providers.standard.hooks.subprocess.SubprocessHook"}
{"timestamp":"2026-09-21T16:26:09.128079","level":"info","event":"\u001b[0m16:26:09","logger":"airflow.task.hooks.airflow.providers.standard.hooks.subprocess.SubprocessHook"}
{"timestamp":"2026-09-21T16:26:09.129421","level":"info","event":"\u001b[0m16:26:09  Done. PASS=32 WARN=0 ERROR=0 SKIP=0 NO-OP=0 REUSED=0 TOTAL=32","logger":"airflow.task.hooks.airflow.providers.standard.hooks.subprocess.SubprocessHook"}
{"timestamp":"2026-09-21T16:26:10.115282","level":"info","event":"Command exited with return code 0","logger":"airflow.task.hooks.airflow.providers.standard.hooks.subprocess.SubprocessHook"}
{"timestamp":"2026-09-21T16:26:10.116361","level":"info","event":"Pushing xcom","ti":"RuntimeTaskInstance(id=UUID('01a0c4c9-4682-7a26-89a1-4a8a47806b07'), task_id='dbt_build_core', dag_id='zomato_batch', run_id='manual__2026-09-21T16:25:20.239380+00:00', try_number=1, map_index=-1, hostname='0de18a62dd44', context_carrier=None, task=<Task(BashOperator): dbt_build_core>, bundle_instance=LocalDagBundle(name=dags-folder), max_tries=0, start_date=datetime.datetime(2026, 9, 21, 16, 25, 41, 876940, tzinfo=datetime.timezone.utc), end_date=None, state=<TaskInstanceState.RUNNING: 'running'>, is_mapped=False, rendered_map_index=None, log_url='https://expert-space-guide-49xj5xpgq5wcjjpj-8080.app.github.devdags/zomato_batch/runs/manual__2026-09-21T16%3A25%3A20.239380%2B00%3A00/tasks/dbt_build_core?try_number=1')","logger":"task"}
