{"timestamp":"2026-09-12T22:19:40.525802","level":"info","event":"DAG bundles loaded: dags-folder","logger":"airflow.dag_processing.bundles.manager.DagBundlesManager"}
{"timestamp":"2026-09-12T22:19:40.526492","level":"info","event":"Filling up the DagBag from /opt/airflow/dags/zomato_batch.py","logger":"airflow.models.dagbag.DagBag"}
{"timestamp":"2026-09-12T22:19:45.628345","level":"info","event":"Tmp dir root location: /tmp","logger":"airflow.task.hooks.airflow.providers.standard.hooks.subprocess.SubprocessHook"}
{"timestamp":"2026-09-12T22:19:45.628939","level":"info","event":"Running command: ['/usr/bin/bash', '-c', 'python /opt/airflow/scripts/load_minio_to_snowflake.py --all']","logger":"airflow.task.hooks.airflow.providers.standard.hooks.subprocess.SubprocessHook"}
{"timestamp":"2026-09-12T22:19:45.643094","level":"info","event":"Output:","logger":"airflow.task.hooks.airflow.providers.standard.hooks.subprocess.SubprocessHook"}
{"timestamp":"2026-09-12T22:19:57.615169","level":"info","event":"✓ Connexion MinIO configurée","logger":"airflow.task.hooks.airflow.providers.standard.hooks.subprocess.SubprocessHook"}
{"timestamp":"2026-09-12T22:19:57.615421","level":"info","event":"✓ Connexion Snowflake OK","logger":"airflow.task.hooks.airflow.providers.standard.hooks.subprocess.SubprocessHook"}
{"timestamp":"2026-09-12T22:19:57.615562","level":"info","event":"","logger":"airflow.task.hooks.airflow.providers.standard.hooks.subprocess.SubprocessHook"}
{"timestamp":"2026-09-12T22:19:57.615660","level":"info","event":"======================================================================","logger":"airflow.task.hooks.airflow.providers.standard.hooks.subprocess.SubprocessHook"}
{"timestamp":"2026-09-12T22:19:57.615748","level":"info","event":"CHARGEMENT : restaurants","logger":"airflow.task.hooks.airflow.providers.standard.hooks.subprocess.SubprocessHook"}
{"timestamp":"2026-09-12T22:19:57.615807","level":"info","event":"======================================================================","logger":"airflow.task.hooks.airflow.providers.standard.hooks.subprocess.SubprocessHook"}
{"timestamp":"2026-09-12T22:19:57.615863","level":"info","event":"","logger":"airflow.task.hooks.airflow.providers.standard.hooks.subprocess.SubprocessHook"}
{"timestamp":"2026-09-12T22:19:57.615917","level":"info","event":"→ Vérification du fichier dans MinIO","logger":"airflow.task.hooks.airflow.providers.standard.hooks.subprocess.SubprocessHook"}
{"timestamp":"2026-09-12T22:19:57.615976","level":"info","event":"  Source : s3://zomatodataset/raw/restaurant/restaurant.csv","logger":"airflow.task.hooks.airflow.providers.standard.hooks.subprocess.SubprocessHook"}
{"timestamp":"2026-09-12T22:19:57.616027","level":"info","event":"  Taille : 46,731,352 bytes","logger":"airflow.task.hooks.airflow.providers.standard.hooks.subprocess.SubprocessHook"}
{"timestamp":"2026-09-12T22:19:57.616156","level":"info","event":"  ETag   : ced5cfa84308c897d65fa4532feb5f80-6","logger":"airflow.task.hooks.airflow.providers.standard.hooks.subprocess.SubprocessHook"}
{"timestamp":"2026-09-12T22:19:57.616240","level":"info","event":"","logger":"airflow.task.hooks.airflow.providers.standard.hooks.subprocess.SubprocessHook"}
{"timestamp":"2026-09-12T22:19:57.616321","level":"info","event":"✓ Fichier déjà traité → SKIP","logger":"airflow.task.hooks.airflow.providers.standard.hooks.subprocess.SubprocessHook"}
{"timestamp":"2026-09-12T22:19:57.616393","level":"info","event":"  Aucun téléchargement effectué.","logger":"airflow.task.hooks.airflow.providers.standard.hooks.subprocess.SubprocessHook"}
{"timestamp":"2026-09-12T22:19:57.616449","level":"info","event":"  Aucun PUT effectué.","logger":"airflow.task.hooks.airflow.providers.standard.hooks.subprocess.SubprocessHook"}
{"timestamp":"2026-09-12T22:19:57.616521","level":"info","event":"  Aucun COPY effectué.","logger":"airflow.task.hooks.airflow.providers.standard.hooks.subprocess.SubprocessHook"}
{"timestamp":"2026-09-12T22:19:57.616595","level":"info","event":"","logger":"airflow.task.hooks.airflow.providers.standard.hooks.subprocess.SubprocessHook"}
{"timestamp":"2026-09-12T22:19:57.616655","level":"info","event":"======================================================================","logger":"airflow.task.hooks.airflow.providers.standard.hooks.subprocess.SubprocessHook"}
{"timestamp":"2026-09-12T22:19:57.616712","level":"info","event":"CHARGEMENT : users","logger":"airflow.task.hooks.airflow.providers.standard.hooks.subprocess.SubprocessHook"}
{"timestamp":"2026-09-12T22:19:57.616760","level":"info","event":"======================================================================","logger":"airflow.task.hooks.airflow.providers.standard.hooks.subprocess.SubprocessHook"}
{"timestamp":"2026-09-12T22:19:57.616807","level":"info","event":"","logger":"airflow.task.hooks.airflow.providers.standard.hooks.subprocess.SubprocessHook"}
{"timestamp":"2026-09-12T22:19:57.616854","level":"info","event":"→ Vérification du fichier dans MinIO","logger":"airflow.task.hooks.airflow.providers.standard.hooks.subprocess.SubprocessHook"}
{"timestamp":"2026-09-12T22:19:57.616904","level":"info","event":"  Source : s3://zomatodataset/raw/users/users.csv","logger":"airflow.task.hooks.airflow.providers.standard.hooks.subprocess.SubprocessHook"}
{"timestamp":"2026-09-12T22:19:57.616946","level":"info","event":"  Taille : 11,239,820 bytes","logger":"airflow.task.hooks.airflow.providers.standard.hooks.subprocess.SubprocessHook"}
{"timestamp":"2026-09-12T22:19:57.616994","level":"info","event":"  ETag   : 6e8fc1df40fb09c65a8c33814b4bd5f1-2","logger":"airflow.task.hooks.airflow.providers.standard.hooks.subprocess.SubprocessHook"}
{"timestamp":"2026-09-12T22:19:57.617042","level":"info","event":"","logger":"airflow.task.hooks.airflow.providers.standard.hooks.subprocess.SubprocessHook"}
{"timestamp":"2026-09-12T22:19:57.617090","level":"info","event":"✓ Fichier déjà traité → SKIP","logger":"airflow.task.hooks.airflow.providers.standard.hooks.subprocess.SubprocessHook"}
{"timestamp":"2026-09-12T22:19:57.617144","level":"info","event":"  Aucun téléchargement effectué.","logger":"airflow.task.hooks.airflow.providers.standard.hooks.subprocess.SubprocessHook"}
{"timestamp":"2026-09-12T22:19:57.617189","level":"info","event":"  Aucun PUT effectué.","logger":"airflow.task.hooks.airflow.providers.standard.hooks.subprocess.SubprocessHook"}
{"timestamp":"2026-09-12T22:19:57.617241","level":"info","event":"  Aucun COPY effectué.","logger":"airflow.task.hooks.airflow.providers.standard.hooks.subprocess.SubprocessHook"}
{"timestamp":"2026-09-12T22:19:57.617290","level":"info","event":"","logger":"airflow.task.hooks.airflow.providers.standard.hooks.subprocess.SubprocessHook"}
{"timestamp":"2026-09-12T22:19:57.617335","level":"info","event":"======================================================================","logger":"airflow.task.hooks.airflow.providers.standard.hooks.subprocess.SubprocessHook"}
{"timestamp":"2026-09-12T22:19:57.617385","level":"info","event":"CHARGEMENT : food","logger":"airflow.task.hooks.airflow.providers.standard.hooks.subprocess.SubprocessHook"}
{"timestamp":"2026-09-12T22:19:57.617434","level":"info","event":"======================================================================","logger":"airflow.task.hooks.airflow.providers.standard.hooks.subprocess.SubprocessHook"}
{"timestamp":"2026-09-12T22:19:57.617479","level":"info","event":"","logger":"airflow.task.hooks.airflow.providers.standard.hooks.subprocess.SubprocessHook"}
{"timestamp":"2026-09-12T22:19:57.617529","level":"info","event":"→ Vérification du fichier dans MinIO","logger":"airflow.task.hooks.airflow.providers.standard.hooks.subprocess.SubprocessHook"}
{"timestamp":"2026-09-12T22:19:57.617607","level":"info","event":"  Source : s3://zomatodataset/raw/food/food.csv","logger":"airflow.task.hooks.airflow.providers.standard.hooks.subprocess.SubprocessHook"}
{"timestamp":"2026-09-12T22:19:57.617665","level":"info","event":"  Taille : 17,208,649 bytes","logger":"airflow.task.hooks.airflow.providers.standard.hooks.subprocess.SubprocessHook"}
{"timestamp":"2026-09-12T22:19:57.617723","level":"info","event":"  ETag   : d504a9b1b41029d1b721200ef9d827c7-3","logger":"airflow.task.hooks.airflow.providers.standard.hooks.subprocess.SubprocessHook"}
{"timestamp":"2026-09-12T22:19:57.617778","level":"info","event":"","logger":"airflow.task.hooks.airflow.providers.standard.hooks.subprocess.SubprocessHook"}
{"timestamp":"2026-09-12T22:19:57.617833","level":"info","event":"✓ Fichier déjà traité → SKIP","logger":"airflow.task.hooks.airflow.providers.standard.hooks.subprocess.SubprocessHook"}
{"timestamp":"2026-09-12T22:19:57.617914","level":"info","event":"  Aucun téléchargement effectué.","logger":"airflow.task.hooks.airflow.providers.standard.hooks.subprocess.SubprocessHook"}
{"timestamp":"2026-09-12T22:19:57.617977","level":"info","event":"  Aucun PUT effectué.","logger":"airflow.task.hooks.airflow.providers.standard.hooks.subprocess.SubprocessHook"}
{"timestamp":"2026-09-12T22:19:57.618036","level":"info","event":"  Aucun COPY effectué.","logger":"airflow.task.hooks.airflow.providers.standard.hooks.subprocess.SubprocessHook"}
{"timestamp":"2026-09-12T22:19:57.618093","level":"info","event":"","logger":"airflow.task.hooks.airflow.providers.standard.hooks.subprocess.SubprocessHook"}
{"timestamp":"2026-09-12T22:19:57.618149","level":"info","event":"======================================================================","logger":"airflow.task.hooks.airflow.providers.standard.hooks.subprocess.SubprocessHook"}
{"timestamp":"2026-09-12T22:19:57.618205","level":"info","event":"CHARGEMENT : menu","logger":"airflow.task.hooks.airflow.providers.standard.hooks.subprocess.SubprocessHook"}
{"timestamp":"2026-09-12T22:19:57.618267","level":"info","event":"======================================================================","logger":"airflow.task.hooks.airflow.providers.standard.hooks.subprocess.SubprocessHook"}
{"timestamp":"2026-09-12T22:19:57.618325","level":"info","event":"","logger":"airflow.task.hooks.airflow.providers.standard.hooks.subprocess.SubprocessHook"}
{"timestamp":"2026-09-12T22:19:57.618382","level":"info","event":"→ Vérification du fichier dans MinIO","logger":"airflow.task.hooks.airflow.providers.standard.hooks.subprocess.SubprocessHook"}
{"timestamp":"2026-09-12T22:19:57.618436","level":"info","event":"  Source : s3://zomatodataset/raw/menu/menu.csv","logger":"airflow.task.hooks.airflow.providers.standard.hooks.subprocess.SubprocessHook"}
{"timestamp":"2026-09-12T22:19:57.618484","level":"info","event":"  Taille : 65,833,035 bytes","logger":"airflow.task.hooks.airflow.providers.standard.hooks.subprocess.SubprocessHook"}
{"timestamp":"2026-09-12T22:19:57.618654","level":"info","event":"  ETag   : d49b5bfb2071a6b7cc56125c8191d5ef-8","logger":"airflow.task.hooks.airflow.providers.standard.hooks.subprocess.SubprocessHook"}
{"timestamp":"2026-09-12T22:19:57.618714","level":"info","event":"","logger":"airflow.task.hooks.airflow.providers.standard.hooks.subprocess.SubprocessHook"}
{"timestamp":"2026-09-12T22:19:57.618764","level":"info","event":"✓ Fichier déjà traité → SKIP","logger":"airflow.task.hooks.airflow.providers.standard.hooks.subprocess.SubprocessHook"}
{"timestamp":"2026-09-12T22:19:57.618811","level":"info","event":"  Aucun téléchargement effectué.","logger":"airflow.task.hooks.airflow.providers.standard.hooks.subprocess.SubprocessHook"}
{"timestamp":"2026-09-12T22:19:57.618875","level":"info","event":"  Aucun PUT effectué.","logger":"airflow.task.hooks.airflow.providers.standard.hooks.subprocess.SubprocessHook"}
{"timestamp":"2026-09-12T22:19:57.618929","level":"info","event":"  Aucun COPY effectué.","logger":"airflow.task.hooks.airflow.providers.standard.hooks.subprocess.SubprocessHook"}
{"timestamp":"2026-09-12T22:19:57.618978","level":"info","event":"","logger":"airflow.task.hooks.airflow.providers.standard.hooks.subprocess.SubprocessHook"}
{"timestamp":"2026-09-12T22:19:57.619019","level":"info","event":"======================================================================","logger":"airflow.task.hooks.airflow.providers.standard.hooks.subprocess.SubprocessHook"}
{"timestamp":"2026-09-12T22:19:57.619062","level":"info","event":"CHARGEMENT : orders","logger":"airflow.task.hooks.airflow.providers.standard.hooks.subprocess.SubprocessHook"}
{"timestamp":"2026-09-12T22:19:57.619103","level":"info","event":"======================================================================","logger":"airflow.task.hooks.airflow.providers.standard.hooks.subprocess.SubprocessHook"}
{"timestamp":"2026-09-12T22:19:57.619141","level":"info","event":"","logger":"airflow.task.hooks.airflow.providers.standard.hooks.subprocess.SubprocessHook"}
{"timestamp":"2026-09-12T22:19:57.619183","level":"info","event":"→ Vérification du fichier dans MinIO","logger":"airflow.task.hooks.airflow.providers.standard.hooks.subprocess.SubprocessHook"}
{"timestamp":"2026-09-12T22:19:57.619231","level":"info","event":"  Source : s3://zomatodataset/raw/orders/orders.csv","logger":"airflow.task.hooks.airflow.providers.standard.hooks.subprocess.SubprocessHook"}
{"timestamp":"2026-09-12T22:19:57.619279","level":"info","event":"  Taille : 1,332,004,808 bytes","logger":"airflow.task.hooks.airflow.providers.standard.hooks.subprocess.SubprocessHook"}
{"timestamp":"2026-09-12T22:19:57.619325","level":"info","event":"  ETag   : e279e61a86b57683730bc8579907919a-159","logger":"airflow.task.hooks.airflow.providers.standard.hooks.subprocess.SubprocessHook"}
{"timestamp":"2026-09-12T22:19:57.619370","level":"info","event":"","logger":"airflow.task.hooks.airflow.providers.standard.hooks.subprocess.SubprocessHook"}
{"timestamp":"2026-09-12T22:19:57.619419","level":"info","event":"✓ Fichier déjà traité → SKIP","logger":"airflow.task.hooks.airflow.providers.standard.hooks.subprocess.SubprocessHook"}
{"timestamp":"2026-09-12T22:19:57.619470","level":"info","event":"  Aucun téléchargement effectué.","logger":"airflow.task.hooks.airflow.providers.standard.hooks.subprocess.SubprocessHook"}
{"timestamp":"2026-09-12T22:19:57.619519","level":"info","event":"  Aucun PUT effectué.","logger":"airflow.task.hooks.airflow.providers.standard.hooks.subprocess.SubprocessHook"}
{"timestamp":"2026-09-12T22:19:57.619597","level":"info","event":"  Aucun COPY effectué.","logger":"airflow.task.hooks.airflow.providers.standard.hooks.subprocess.SubprocessHook"}
{"timestamp":"2026-09-12T22:19:57.619655","level":"info","event":"","logger":"airflow.task.hooks.airflow.providers.standard.hooks.subprocess.SubprocessHook"}
{"timestamp":"2026-09-12T22:19:57.619702","level":"info","event":"======================================================================","logger":"airflow.task.hooks.airflow.providers.standard.hooks.subprocess.SubprocessHook"}
{"timestamp":"2026-09-12T22:19:57.620026","level":"info","event":"CHARGEMENT : order_items","logger":"airflow.task.hooks.airflow.providers.standard.hooks.subprocess.SubprocessHook"}
{"timestamp":"2026-09-12T22:19:57.620101","level":"info","event":"======================================================================","logger":"airflow.task.hooks.airflow.providers.standard.hooks.subprocess.SubprocessHook"}
{"timestamp":"2026-09-12T22:19:57.620170","level":"info","event":"","logger":"airflow.task.hooks.airflow.providers.standard.hooks.subprocess.SubprocessHook"}
{"timestamp":"2026-09-12T22:19:57.620241","level":"info","event":"→ Vérification du fichier dans MinIO","logger":"airflow.task.hooks.airflow.providers.standard.hooks.subprocess.SubprocessHook"}
{"timestamp":"2026-09-12T22:19:57.620324","level":"info","event":"  Source : s3://zomatodataset/raw/order_items/order_items.csv","logger":"airflow.task.hooks.airflow.providers.standard.hooks.subprocess.SubprocessHook"}
{"timestamp":"2026-09-12T22:19:57.620377","level":"info","event":"  Taille : 955,117,276 bytes","logger":"airflow.task.hooks.airflow.providers.standard.hooks.subprocess.SubprocessHook"}
{"timestamp":"2026-09-12T22:19:57.620432","level":"info","event":"  ETag   : 144ace77c9a1dcbc351bc097fed5ef3f-114","logger":"airflow.task.hooks.airflow.providers.standard.hooks.subprocess.SubprocessHook"}
{"timestamp":"2026-09-12T22:19:57.620498","level":"info","event":"","logger":"airflow.task.hooks.airflow.providers.standard.hooks.subprocess.SubprocessHook"}
{"timestamp":"2026-09-12T22:19:57.620577","level":"info","event":"✓ Fichier déjà traité → SKIP","logger":"airflow.task.hooks.airflow.providers.standard.hooks.subprocess.SubprocessHook"}
{"timestamp":"2026-09-12T22:19:57.620632","level":"info","event":"  Aucun téléchargement effectué.","logger":"airflow.task.hooks.airflow.providers.standard.hooks.subprocess.SubprocessHook"}
{"timestamp":"2026-09-12T22:19:57.620680","level":"info","event":"  Aucun PUT effectué.","logger":"airflow.task.hooks.airflow.providers.standard.hooks.subprocess.SubprocessHook"}
{"timestamp":"2026-09-12T22:19:57.620730","level":"info","event":"  Aucun COPY effectué.","logger":"airflow.task.hooks.airflow.providers.standard.hooks.subprocess.SubprocessHook"}
{"timestamp":"2026-09-12T22:19:57.620797","level":"info","event":"","logger":"airflow.task.hooks.airflow.providers.standard.hooks.subprocess.SubprocessHook"}
{"timestamp":"2026-09-12T22:19:57.620862","level":"info","event":"======================================================================","logger":"airflow.task.hooks.airflow.providers.standard.hooks.subprocess.SubprocessHook"}
{"timestamp":"2026-09-12T22:19:57.620938","level":"info","event":"CHARGEMENT : reviews","logger":"airflow.task.hooks.airflow.providers.standard.hooks.subprocess.SubprocessHook"}
{"timestamp":"2026-09-12T22:19:57.621004","level":"info","event":"======================================================================","logger":"airflow.task.hooks.airflow.providers.standard.hooks.subprocess.SubprocessHook"}
{"timestamp":"2026-09-12T22:19:57.621077","level":"info","event":"","logger":"airflow.task.hooks.airflow.providers.standard.hooks.subprocess.SubprocessHook"}
{"timestamp":"2026-09-12T22:19:57.621147","level":"info","event":"→ Vérification du fichier dans MinIO","logger":"airflow.task.hooks.airflow.providers.standard.hooks.subprocess.SubprocessHook"}
{"timestamp":"2026-09-12T22:19:57.621224","level":"info","event":"  Source : s3://zomatodataset/raw/reviews/reviews.csv","logger":"airflow.task.hooks.airflow.providers.standard.hooks.subprocess.SubprocessHook"}
{"timestamp":"2026-09-12T22:19:57.621290","level":"info","event":"  Taille : 25,406,720 bytes","logger":"airflow.task.hooks.airflow.providers.standard.hooks.subprocess.SubprocessHook"}
{"timestamp":"2026-09-12T22:19:57.621360","level":"info","event":"  ETag   : 08f9020c5a863ee2b5cf4e13beee0fbc-4","logger":"airflow.task.hooks.airflow.providers.standard.hooks.subprocess.SubprocessHook"}
{"timestamp":"2026-09-12T22:19:57.621433","level":"info","event":"","logger":"airflow.task.hooks.airflow.providers.standard.hooks.subprocess.SubprocessHook"}
{"timestamp":"2026-09-12T22:19:57.621501","level":"info","event":"✓ Fichier déjà traité → SKIP","logger":"airflow.task.hooks.airflow.providers.standard.hooks.subprocess.SubprocessHook"}
{"timestamp":"2026-09-12T22:19:57.621568","level":"info","event":"  Aucun téléchargement effectué.","logger":"airflow.task.hooks.airflow.providers.standard.hooks.subprocess.SubprocessHook"}
{"timestamp":"2026-09-12T22:19:57.621853","level":"info","event":"  Aucun PUT effectué.","logger":"airflow.task.hooks.airflow.providers.standard.hooks.subprocess.SubprocessHook"}
{"timestamp":"2026-09-12T22:19:57.621908","level":"info","event":"  Aucun COPY effectué.","logger":"airflow.task.hooks.airflow.providers.standard.hooks.subprocess.SubprocessHook"}
{"timestamp":"2026-09-12T22:19:57.621961","level":"info","event":"","logger":"airflow.task.hooks.airflow.providers.standard.hooks.subprocess.SubprocessHook"}
{"timestamp":"2026-09-12T22:19:57.622056","level":"info","event":"✓ Connexion Snowflake fermée","logger":"airflow.task.hooks.airflow.providers.standard.hooks.subprocess.SubprocessHook"}
{"timestamp":"2026-09-12T22:19:58.109859","level":"info","event":"Command exited with return code 0","logger":"airflow.task.hooks.airflow.providers.standard.hooks.subprocess.SubprocessHook"}
{"timestamp":"2026-09-12T22:19:58.110519","level":"info","event":"Pushing xcom","ti":"RuntimeTaskInstance(id=UUID('01a097b4-6b58-713e-b593-9375c0a440f4'), task_id='reload_raw', dag_id='zomato_batch', run_id='scheduled__2026-09-12T00:00:00+00:00', try_number=1, map_index=-1, hostname='4c216520d0b2', context_carrier=None, task=<Task(BashOperator): reload_raw>, bundle_instance=LocalDagBundle(name=dags-folder), max_tries=0, start_date=datetime.datetime(2026, 9, 12, 22, 19, 39, 169961, tzinfo=datetime.timezone.utc), end_date=None, state=<TaskInstanceState.RUNNING: 'running'>, is_mapped=False, rendered_map_index=None, log_url='https://expert-space-guide-49xj5xpgq5wcjjpj-8080.app.github.devdags/zomato_batch/runs/scheduled__2026-09-12T00%3A00%3A00%2B00%3A00/tasks/reload_raw?try_number=1')","logger":"task"}
